
> maxim-shevchuk-legal-site@1.1.0 check
> npm run test:content-governance && npm run test:public-copy && npm run test:seo-data-pipeline && npm run build && npm run test:css-architecture && npm run test:brand-colors && npm run test:cta-system && npm run test:conversion-analytics && npm run test:channel-analytics && npm run test:button-analytics && npm run test:metrica-goals && npm run test:numbered-typography && npm run validate && npm run audit:seo && npm run test:seo-metadata && npm run test:webmaster-descriptions && npm run test:content-dates && npm run test:geography && npm run test:composition-contract && npm run test:documentation && npm run test:workflow-contract && npm run test:browser-contract && npm run test:source-form-residue && npm run test:direct-contact && npm run test:content-protection && npm run test:editorial-mvp && npm run test:editorial-ui && npm run test:editorial-helpfulness && npm run test:editorial-cards && npm run test:editorial-rhythm && npm run test:editorial-index-layout && npm run test:page-endings && npm run test:publication-pipeline && npm run test:publication-linking && npm run test:navigation && npm run test:online-status && npm run test:accessibility && npm run test:quick-choices && npm run test:messenger-intents && npm run test:service-pages && npm run test:refund-service-hub && npm run test:service-pages-interaction && npm run test:process-guarantees && npm run test:case-studies && npm run test:search-visibility && npm run test:mobile-actions && npm run test:engagement-nudge && npm run test:engagement-nudge-narrow && npm run test:visual-trust && npm run test:diploma-layout && npm run test:hero-consent && npm run test:deployment-observability && npm run test:custom-domain-sha && npm run test:live-smoke-contract && npm run test:performance-budget && npm run test:video-ready && npm run test:core-web-vitals && npm run test:cross-browser && npm run test:visual


> maxim-shevchuk-legal-site@1.1.0 test:content-governance
> node scripts/content-governance-test.mjs

Content governance contract passed: 25 baseline tabs, 10 changed files, 3 governed content changes, 3 cluster gates, organic SERP minimum enforced

> maxim-shevchuk-legal-site@1.1.0 test:public-copy
> node scripts/public-copy-guard-test.mjs && node scripts/public-copy-control-contract-test.mjs

Pre-publication public-copy review passed: 15 current article sources checked
Regression source review passed: 15 previously published articles checked
Public-copy control contract passed: pre-publication block, full historical regression, verified live recheck and user disclosure are mandatory

> maxim-shevchuk-legal-site@1.1.0 test:seo-data-pipeline
> node scripts/seo-data-pipeline-test.mjs

SEO feedback contract passed: refund and police clusters, multi-cluster summary, per-page Webmaster data, Metrica funnels, cache limits and safe reporting are enforced

> maxim-shevchuk-legal-site@1.1.0 build
> node scripts/build-site.mjs

Built 36 HTML pages in /home/runner/work/maxim-shevchuk-lawyer/maxim-shevchuk-lawyer/dist · 92f7df1ec886

> maxim-shevchuk-legal-site@1.1.0 test:css-architecture
> node scripts/css-build-architecture-test.mjs

CSS build architecture passed: one ordered manifest, deterministic final write, single inclusion and no legacy editorial overrides

> maxim-shevchuk-legal-site@1.1.0 test:brand-colors
> node scripts/brand-colors-test.mjs

Brand color contract passed: 15 CSS modules, no local hex colors.

> maxim-shevchuk-legal-site@1.1.0 test:cta-system
> node scripts/cta-system-test.mjs

CTA system passed: 31 public pages, 6 responsive templates, one font scale and one primary color

> maxim-shevchuk-legal-site@1.1.0 test:conversion-analytics
> node scripts/conversion-analytics-test.mjs

Conversion analytics passed: 31 pages, first-touch source, session journey, CTA views and final conversions without message or click-ID content

> maxim-shevchuk-legal-site@1.1.0 test:channel-analytics
> node scripts/channel-analytics-test.mjs

Channel analytics passed: 31 pages and safe channel goals for WhatsApp, Telegram, phone and map

> maxim-shevchuk-legal-site@1.1.0 test:button-analytics
> node scripts/button-analytics-contract-test.mjs

Button analytics contract passed: 31 pages, 805 controls, complete action labels, conversion events and privacy-safe metadata

> maxim-shevchuk-legal-site@1.1.0 test:metrica-goals
> node scripts/metrica-goal-contract-test.mjs

Metrica goal contract passed: 23 action goals, 2 funnels, 4 controlled obsolete goals

> maxim-shevchuk-legal-site@1.1.0 test:numbered-typography
> node scripts/numbered-typography-test.mjs

Numbered typography passed: consistent sans-serif indices, intentional desktop tiers and readable supporting copy in Chromium and WebKit

> maxim-shevchuk-legal-site@1.1.0 validate
> node scripts/validate.mjs

Validated 36 HTML pages: no structural errors

> maxim-shevchuk-legal-site@1.1.0 audit:seo
> node scripts/seo-audit.mjs

SEO audit: 36 HTML-страниц, 31 URL в карте сайта
Ошибки: 0; предупреждения: 0; блокеры запуска: 0

Критических технических SEO-ошибок не найдено.

> maxim-shevchuk-legal-site@1.1.0 test:seo-metadata
> node scripts/seo-metadata-contract-test.mjs

SEO metadata passed: 31 indexable pages, unique bounded titles and descriptions, synchronized canonical, Open Graph, Twitter and JSON-LD

> maxim-shevchuk-legal-site@1.1.0 test:webmaster-descriptions
> node scripts/webmaster-description-test.mjs

Webmaster description contract passed: 36 HTML pages, complete descriptions and 4 validated legacy redirects

> maxim-shevchuk-legal-site@1.1.0 test:content-dates
> node scripts/content-dates-test.mjs

Content dates passed: 12 pages separate automated review from real legal revision

> maxim-shevchuk-legal-site@1.1.0 test:geography
> node scripts/geography-test.mjs

Geography checks passed: office in Khimki, services in Moscow and Moscow Region, online across Russia (31 pages)

> maxim-shevchuk-legal-site@1.1.0 test:composition-contract
> node scripts/composition-contract-test.mjs

Composition contract passed: named slots, privacy policy headings, approved positioning aliases, analytics consent mode and form-free golden structure for 12 canonical pages; editorial routes are verified separately

> maxim-shevchuk-legal-site@1.1.0 test:documentation
> node scripts/documentation-test.mjs

Documentation contract passed: 31 routes, direct messenger model, traffic attribution standard, conversion analytics, publication pipeline, open indexing and automatic IndexNow are current

> maxim-shevchuk-legal-site@1.1.0 test:workflow-contract
> node scripts/workflow-contract-test.mjs

Workflow contract passed: PR and deploy use the same pinned production check with full diagnostics

> maxim-shevchuk-legal-site@1.1.0 test:browser-contract
> node scripts/browser-test-contract.mjs

Browser test contract passed: consent has a dedicated Chromium/WebKit test and feature scenarios are isolated without forced clicks

> maxim-shevchuk-legal-site@1.1.0 test:source-form-residue
> node scripts/source-form-residue-test.mjs

Source form residue check passed: active composition, runtime and shipped styles contain no callback form implementation

> maxim-shevchuk-legal-site@1.1.0 test:direct-contact
> node scripts/direct-contact-model-test.mjs

Direct contact model passed: 36 HTML pages are form-free; 12 canonical pages expose only prefilled messenger drafts

> maxim-shevchuk-legal-site@1.1.0 test:content-protection
> node scripts/content-protection-test.mjs

Content protection passed: 12 pages, non-clickable images, no source-map files, selectable text, Chromium and WebKit

> maxim-shevchuk-legal-site@1.1.0 test:editorial-mvp
> node scripts/editorial-mvp-test.mjs

Editorial MVP passed: 4 pages, semantic article markers, verified content model, Article JSON-LD, RSS, sitemap, Chromium and WebKit

> maxim-shevchuk-legal-site@1.1.0 test:editorial-ui
> node scripts/editorial-ui-consistency-test.mjs

Editorial UI consistency passed: checklist markers, FAQ interactions and branded typography in Chromium and WebKit

> maxim-shevchuk-legal-site@1.1.0 test:editorial-helpfulness
> node scripts/editorial-helpfulness-test.mjs

Editorial helpfulness passed: yes/no/partly order, equal controls, focus and fully settled locked selection without material layout shift in Chromium and WebKit

> maxim-shevchuk-legal-site@1.1.0 test:editorial-cards
> node scripts/editorial-cards-test.mjs

Editorial cards passed: restrained width, future 1/2/3-column grids, equal rows, aligned links, fully settled shared hover/focus CSS state in Chromium and WebKit, and physical hover in Chromium

> maxim-shevchuk-legal-site@1.1.0 test:editorial-rhythm
> node scripts/editorial-rhythm-test.mjs

Editorial rhythm passed: consistent section, heading, paragraph, author, feedback and CTA spacing in articles and cases across Chromium and WebKit

> maxim-shevchuk-legal-site@1.1.0 test:editorial-index-layout
> node scripts/editorial-index-layout-test.mjs

Editorial index layout passed: compact card-to-CTA transition, shared grid alignment and no light gap before footer in Chromium and WebKit

> maxim-shevchuk-legal-site@1.1.0 test:page-endings
> node scripts/page-endings-test.mjs

Page endings passed: about and contacts close with one full-width CTA, no light gaps, preserved direct contacts and no overflow in Chromium and WebKit

> maxim-shevchuk-legal-site@1.1.0 test:publication-pipeline
> node scripts/publication-pipeline-test.mjs

Publication pipeline passed: 15 articles, 2 cases, accessible fixed helpfulness order, truthful privacy status, RSS discovery, supplemental sitemaps, anonymous reading analytics and direct build stages

> maxim-shevchuk-legal-site@1.1.0 test:publication-linking
> node scripts/publication-linking-test.mjs

Publication linking passed: 7 services, 15 articles and 2 cases are connected without orphan or broken routes

> maxim-shevchuk-legal-site@1.1.0 test:navigation
> node scripts/navigation-completeness-test.mjs

Navigation completeness passed: 31 pages, six primary sections, footer discovery, responsive Chromium and WebKit

> maxim-shevchuk-legal-site@1.1.0 test:online-status
> node scripts/online-status-test.mjs

Online status 08:00–23:00 MSK: OK

> maxim-shevchuk-legal-site@1.1.0 test:accessibility
> node scripts/accessibility-test.mjs

Accessibility checks passed: contrast, role-aware mobile typography, primary touch targets, no forms and no horizontal overflow at 320, 390 and 1440 px

> maxim-shevchuk-legal-site@1.1.0 test:quick-choices
> node scripts/quick-choices-test.mjs

Quick situations test passed: 6 topics and labels

> maxim-shevchuk-legal-site@1.1.0 test:messenger-intents
> node scripts/messenger-intents-interaction-test.mjs

Messenger intents passed: no forms, prefilled direct drafts, generic/topic/price flows in Chromium and WebKit

> maxim-shevchuk-legal-site@1.1.0 test:service-pages
> node scripts/service-pages-test.mjs

Service page checks passed: 7 individual pages, responsive type scale and gold-filled service actions

> maxim-shevchuk-legal-site@1.1.0 test:refund-service-hub
> node scripts/refund-service-hub-test.mjs

Refund service hub contract passed: broad commercial owner routes four independent situations and keeps prepayment/deadline on the service page

> maxim-shevchuk-legal-site@1.1.0 test:service-pages-interaction
> node scripts/service-pages-interaction-test.mjs

Service page interaction test passed: individual messages, readable typography and gold-filled service actions on desktop and mobile

> maxim-shevchuk-legal-site@1.1.0 test:process-guarantees
> node scripts/process-guarantees-test.mjs

Process guarantees checks passed: 8 service pages; detail pages use one work-flow block, the catalog sequence and palette are consistent, and personal CTAs are preserved

> maxim-shevchuk-legal-site@1.1.0 test:case-studies
> node scripts/case-studies-test.mjs

Verified anonymized case studies are published on 6 routes with brand typography, without private markers or unsupported outcomes

> maxim-shevchuk-legal-site@1.1.0 test:search-visibility
> node scripts/search-visibility-test.mjs

Search visibility checks passed: pretrial specialization, debt recovery cluster, production indexing, geography and automatic IndexNow are configured

> maxim-shevchuk-legal-site@1.1.0 test:mobile-actions
> node scripts/mobile-actions-test.mjs

Mobile action panel checks passed: 12 pages, one direct messenger CTA, detailed conversion analytics and centered one-session nudge

> maxim-shevchuk-legal-site@1.1.0 test:engagement-nudge
> node scripts/engagement-nudge-test.mjs

Engagement nudge passed: settled and centered on phone, tablet and desktop; one direct messenger CTA; 18-second pulse; one display per session

> maxim-shevchuk-legal-site@1.1.0 test:engagement-nudge-narrow
> node scripts/engagement-nudge-narrow-test.mjs

Narrow engagement passed: 320px WCAG text spacing without document or control overflow in Chromium and WebKit

> maxim-shevchuk-legal-site@1.1.0 test:visual-trust
> node scripts/visual-trust-test.mjs

Visual trust architecture: 18 direct messenger CTAs, verified cases, no forms, demo or unsupported materials

> maxim-shevchuk-legal-site@1.1.0 test:diploma-layout
> node scripts/diploma-layout-test.mjs

Diploma layout passed: landscape proportions, balanced desktop card and stacked mobile layout in Chromium and WebKit

> maxim-shevchuk-legal-site@1.1.0 test:hero-consent
> node scripts/hero-consent-contract-test.mjs

Hero and consent contract passed: secondary refusal, primary consent, rectangular portrait and gold corner on desktop/mobile

> maxim-shevchuk-legal-site@1.1.0 test:deployment-observability
> node scripts/deployment-observability-test.mjs

Deployment observability checks passed · build 92f7df1ec886 · analytics events ready

> maxim-shevchuk-legal-site@1.1.0 test:custom-domain-sha
> node scripts/custom-domain-sha-contract-test.mjs

Custom-domain SHA verification contract passed

> maxim-shevchuk-legal-site@1.1.0 test:live-smoke-contract
> node scripts/live-smoke-contract-test.mjs

Published GitHub Pages build verified: 92f7df1ec886 · synchronized SEO metadata · RSS and sitemaps · FAQ and helpfulness · narrow Chromium/WebKit · http://127.0.0.1:4199/
Live smoke contract passed against local production build 92f7df1ec886 · Chromium and WebKit

> maxim-shevchuk-legal-site@1.1.0 test:performance-budget
> node scripts/performance-budget-test.mjs

index.html: 65.9 KB / 260.0 KB
assets/styles.css: 144.3 KB / 180.0 KB
assets/app.js: 12.1 KB / 90.0 KB
assets/visual-trust.js: 8.8 KB / 40.0 KB
assets/web-vitals.js: 1.4 KB / 10.0 KB
assets/vendor-web-vitals.js: 8.7 KB / 16.0 KB
assets/images/maxim-hero.webp: 47.1 KB / 260.0 KB
critical first view: 288.3 KB / 680.0 KB
all image assets: 271.2 KB / 2560.0 KB
Performance budgets passed: 36 HTML pages, 5 images, no eager third-party media

> maxim-shevchuk-legal-site@1.1.0 test:video-ready
> node scripts/video-ready-test.mjs

On-demand video checks passed: disabled UI is absent, no eager media, and production asset guard is active

> maxim-shevchuk-legal-site@1.1.0 test:core-web-vitals
> node scripts/core-web-vitals-test.mjs

Core Web Vitals checks passed: official web-vitals 6.0.0, zero values, bfcache and duplicate protection

> maxim-shevchuk-legal-site@1.1.0 test:cross-browser
> node scripts/cross-browser-test.mjs

Cross-browser smoke passed for 3/3 installed engines: one direct mobile messenger CTA, no forms, focus and overflow contracts

> maxim-shevchuk-legal-site@1.1.0 test:visual
> node --import ./scripts/playwright-consent-isolation-preload.mjs scripts/visual-direct-contact-test.mjs

Visual direct-contact smoke passed: 13 viewports, prefilled drafts, mobile menu, WCAG text spacing and one form-free mobile CTA
